<html>
<body>
<pre>
<h1>µVision Build Log</h1>
<h2>Tool Versions:</h2>
IDE-Version: µVision V5.25.2.0
Copyright (C) 2018 ARM Ltd and ARM Germany GmbH. All rights reserved.
License Information: abdelrhman werby, must, LIC=9WS9U-SKNZ7-CJ06Z-JYWGG-NG09J-E0765
 
Tool Versions:
Toolchain:       MDK-ARM Plus  Version: 5.25.2.0
Toolchain Path:  C:\Keil_v5\ARM\ARMCC\Bin
C Compiler:      Armcc.exe V5.06 update 6 (build 750)
Assembler:       Armasm.exe V5.06 update 6 (build 750)
Linker/Locator:  ArmLink.exe V5.06 update 6 (build 750)
Library Manager: ArmAr.exe V5.06 update 6 (build 750)
Hex Converter:   FromElf.exe V5.06 update 6 (build 750)
CPU DLL:         SARMCM3.DLL V5.25.2.0
Dialog DLL:      DCM.DLL V1.17.1.0
Target DLL:      STLink\ST-LINKIII-KEIL_SWO.dll V3.0.1.0
Dialog DLL:      TCM.DLL V1.35.1.0
 
<h2>Project:</h2>
C:\Users\abdelrhman\Documents\keil\Bare-Metal\ARM_IMT\O-Scope-Project\O-Scope.uvprojx
Project File Date:  10/12/2020

<h2>Output:</h2>
*** Using Compiler 'V5.06 update 6 (build 750)', folder: 'C:\Keil_v5\ARM\ARMCC\Bin'
Build target 'Target 1'
compiling main.c...
STK_interface.h(21): warning:  #1-D: last line of file ends without a newline
  #endif
ADC_private.h(131): warning:  #1-D: last line of file ends without a newline
  #endif
ADC_interface.h(127): warning:  #1-D: last line of file ends without a newline
  #endif
TIM2.h(67): warning:  #1-D: last line of file ends without a newline
   #endif
DAC_private.h(32): warning:  #1-D: last line of file ends without a newline
  #endif
DAC_interface.h(67): warning:  #1-D: last line of file ends without a newline
  #endif
oscilloscope.h(15): warning:  #1295-D: Deprecated declaration System_Config - give arg types
  void System_Config();
oscilloscope.h(16): warning:  #1295-D: Deprecated declaration OSC_Update_Samples - give arg types
  void OSC_Update_Samples();
oscilloscope.h(17): warning:  #1295-D: Deprecated declaration OSC_Process_Samples - give arg types
  void OSC_Process_Samples();
oscilloscope.h(18): warning:  #1295-D: Deprecated declaration OSC_Update_Screen_Info - give arg types
  void OSC_Update_Screen_Info();
oscilloscope.h(19): warning:  #1295-D: Deprecated declaration OSC_Draw_Samples - give arg types
  void OSC_Draw_Samples();
oscilloscope.h(20): warning:  #1295-D: Deprecated declaration OSC_Clear_Screen - give arg types
  void OSC_Clear_Screen();
oscilloscope.h(21): warning:  #1295-D: Deprecated declaration OSC_Config - give arg types
  void OSC_Config();
oscilloscope.h(23): warning:  #1295-D: Deprecated declaration ButtonISR - give arg types
  void ButtonISR();
oscilloscope.h(24): warning:  #1295-D: Deprecated declaration EncoderISR - give arg types
  void EncoderISR();
oscilloscope.h(25): warning:  #1295-D: Deprecated declaration Change_dt - give arg types
  void Change_dt();
oscilloscope.h(26): warning:  #1295-D: Deprecated declaration Change_TimDiv - give arg types
  void Change_TimDiv();
oscilloscope.h(27): warning:  #1295-D: Deprecated declaration Change_VoltDiv - give arg types
  void Change_VoltDiv();
oscilloscope.h(28): warning:  #1295-D: Deprecated declaration Change_Voffest - give arg types
  void Change_Voffest();
oscilloscope.h(33): warning:  #1295-D: Deprecated declaration Net - give arg types
  void Net();
main.c(49): warning:  #111-D: statement is unreachable
  	return 0;
main.c(25): warning:  #177-D: variable "f"  was declared but never referenced
  	uint16_t f = 0;
main.c: 22 warnings, 0 errors
linking...
Program Size: Code=10894 RO-data=12902 RW-data=160 ZI-data=9824  
".\Objects\O-Scope.axf" - 0 Error(s), 22 Warning(s).

<h2>Software Packages used:</h2>

Package Vendor: ARM
                http://www.keil.com/pack/ARM.CMSIS.5.7.0.pack
                ARM.CMSIS.5.7.0
                CMSIS (Cortex Microcontroller Software Interface Standard)
   * Component: CORE Version: 5.4.0

Package Vendor: Keil
                http://www.keil.com/pack/Keil.STM32F3xx_DFP.2.1.0.pack
                Keil.STM32F3xx_DFP.2.1.0
                STMicroelectronics STM32F3 Series Device Support and Examples
   * Component: Startup Version: 1.0.0

<h2>Collection of Component include folders:</h2>
  .\RTE\_Target_1
  C:\Keil_v5\ARM\PACK\ARM\CMSIS\5.7.0\CMSIS\Core\Include
  C:\Keil_v5\ARM\PACK\Keil\STM32F3xx_DFP\2.1.0\Drivers\CMSIS\Device\ST\STM32F3xx\Include

<h2>Collection of Component Files used:</h2>

   * Component: ARM::CMSIS:CORE:5.4.0

   * Component: Keil.Standalone::Device:Startup:1.0.0
      Source file:   Drivers\CMSIS\Device\ST\STM32F3xx\Source\Templates\system_stm32f3xx.c
      Source file:   MDK\Device\Source\ARM\STM32F3xx_OPT.s
      Include file:  Drivers\CMSIS\Device\ST\STM32F3xx\Include\stm32f3xx.h
      Source file:   Drivers\CMSIS\Device\ST\STM32F3xx\Source\Templates\arm\startup_stm32f303xe.s
Build Time Elapsed:  00:00:00
</pre>
</body>
</html>
